x        x
 x      x 
  x    x  
   x  x   
    xx    
xxxxxxxxxx
   x  x   
  x    x  
 x      x 
x        x
