                
                
                
                
                
   xxx          
      xxxx      
          x     
                
                
                
                
                
                
                
                

Record:
3, 5, x
3, 5, x
4, 5, x
5, 5, x
6, 6, x
7, 6, x
8, 6, x
9, 6, x
10, 7, x
