-- ! --
       x        
       x        
       x        
       x        
       x        
       x        
       x        
       x        
       x        
       x        
       x        
       x        
       x        
       x        
       x        
       x        
       x        
       x        
       x        
                
                
                
                
                
                
                
                
                
                
                
                


-- " --
   x       x    
   x       x    
   x       x    
   x       x    
   x       x    
   x       x    
                
                
                
                
                
                
                
                
                
                
                
                
                
                
                
                
                
                
                
                
                
                
                
                
                


-- # --
   x       x    
   x       x    
   x       x    
   x       x    
   x       x    
xxxxxxxxxxxxxxxx
   x       x    
   x       x    
   x       x    
   x       x    
   x       x    
   x       x    
   x       x    
   x       x    
   x       x    
xxxxxxxxxxxxxxxx
   x       x    
   x       x    
   x       x    
   x       x    
   x       x    
                
                
                
                
                
                
                
                
                
                


-- % --
   xx         xx
  x x        x  
 xx  x       x  
 x    x     x   
x     x    xx   
x     xx  x     
 x    x   x     
 xx  x   x      
  x x   xx      
   xx  x        
   x   x  xx    
      x   x x   
     xx  x  xx  
    x   x    x  
    x   x     x 
   x   xx     xx
  xx    x    x  
 x       x  xx  
 x        x x   
x         xx    
x          x    
                
                
                
                
                
                
                
                
                
                


-- & --
      xxx       
     xx x       
   xx    x      
  xx      x     
xx        x     
x          x    
 x              
  x             
   x            
    x           
     xxx        
     xx         
   xx  x        
  xx    x       
xx       x      
x         x   xx
 xx        xxx  
   x       xx   
    xx   xx  x  
      x xx    x 
       x       x
                
                
                
                
                
                
                
                
                
                


-- ' --
       x        
       x        
       x        
       x        
       x        
       x        
                
                
                
                
                
                
                
                
                
                
                
                
                
                
                
                
                
                
                
                
                
                
                
                
                


-- ( --
      xx        
      x         
     x          
    xx          
    x           
   x            
  x             
 x              
 x              
x               
x               
 x              
 x              
  x             
   x            
    x           
    xx          
     x          
      x         
      x         
       x        
                
                
                
                
                
                
                
                
                
                


-- ) --
       xx       
        x       
         x      
         xx     
          x     
           x    
            x   
             x  
             x  
              x 
              xx
             x  
             x  
            x   
           x    
          x     
         xx     
         x      
        x       
        x       
       x        
                
                
                
                
                
                
                
                
                
                


-- * --
       x        
       x        
       x        
       x        
       x        
x      x      xx
 xx    x    xx  
   x   x   xx   
    xx x xx     
      xxxx      
      xxx       
     xxx x      
   xx  x  xx    
  xx   x    x   
xx     x     xx 
x      x       x
       x        
       x        
       x        
       x        
       x        
                
                
                
                
                
                
                
                
                
                


-- , --
                
                
                
                
                
                
                
                
                
                
                
                
                
                
                
                
                
                
                
                
       x        
      x         
      x         
      x         
     x          
     x          
     x          
    x           
    x           
    x           
   x            


-- - --
                
                
                
                
                
                
                
                
                
                
xxxxxxxxxxxxxxxx
                
                
                
                
                
                
                
                
                
                
                
                
                
                
                
                
                
                
                
                


-- . --
                
                
                
                
                
                
                
                
                
                
                
                
                
                
                
                
                
                
       x        
       x        
       x        
                
                
                
                
                
                
                
                
                
                


-- / --
              xx
             x  
             x  
            x   
           xx   
          x     
          x     
         x      
        xx      
       x        
       x        
      x         
     xx         
    x           
    x           
   x            
  xx            
 x              
 x              
x               
x               
                
                
                
                
                
                
                
                
                
                


-- : --
                
                
                
       x        
       x        
       x        
                
                
                
                
                
                
                
                
                
                
                
                
       x        
       x        
       x        
                
                
                
                
                
                
                
                
                
                


-- ; --
                
                
                
       x        
       x        
       x        
                
                
                
                
                
                
                
                
                
                
                
                
                
                
       x        
      x         
      x         
      x         
     x          
     x          
     x          
    x           
    x           
    x           
   x            


-- ? --
      xxx       
     xx  x      
   xx     xx    
  xx        x   
xx           xx 
x             xx
             x  
            xx  
            x   
           x    
          xx    
         x      
       xx       
                
                
                
                
                
       x        
       x        
       x        
                
                
                
                
                
                
                
                
                
                


-- @ --
      xxx       
      x x       
     x   x      
    xx   xx     
    x     x     
   x      xx    
  x       x x   
 x       x  xx  
 x      x    x  
x       x     x 
x      xx     xx
x       x    x  
x        x  xx  
x         x x   
x         xx    
x          x    
 xx             
   x            
    xx          
      x         
       x        
                
                
                
                
                
                
                
                
                
                


-- [ --
xxxxxxxx        
x               
x               
x               
x               
x               
x               
x               
x               
x               
x               
x               
x               
x               
x               
x               
x               
x               
x               
x               
xxxxxxxx        
                
                
                
                
                
                
                
                
                
                


-- \ --
x               
 x              
 x              
  x             
   x            
    x           
    x           
     x          
      x         
       x        
       x        
        x       
         x      
          x     
          x     
           x    
            x   
             x  
             x  
              x 
               x
                
                
                
                
                
                
                
                
                
                


-- ] --
       xxxxxxxxx
               x
               x
               x
               x
               x
               x
               x
               x
               x
               x
               x
               x
               x
               x
               x
               x
               x
               x
               x
       xxxxxxxxx
                
                
                
                
                
                
                
                
                
                


-- _ --
                
                
                
                
                
                
                
                
                
                
                
                
                
                
                
                
                
                
                
                
xxxxxxxxxxxxxxxx
                
                
                
                
                
                
                
                
                
                


-- { --
      xx        
      x         
     x          
    x           
    x           
   x            
  x             
 xx             
 x              
x               
x               
 x              
 xx             
  x             
   x            
   xx           
    x           
     x          
      x         
      x         
       x        
                
                
                
                
                
                
                
                
                
                


-- } --
       xx       
        x       
         x      
          x     
          x     
           x    
            x   
            xx  
             x  
              x 
              xx
             x  
            xx  
            x   
           x    
          xx    
          x     
         x      
        x       
        x       
       x        
                
                
                
                
                
                
                
                
                
                


-- ¡ --
      xxx       
      x x       
     x   x      
    xx   xx     
    x     x     
   x       x    
  x         x   
 x           x  
 x           x  
x             x 
x             xx
 x           x  
 x           x  
  x         x   
   x       x    
    x     x     
    xx   xx     
     x   x      
      x x       
      x x       
       x        
                
                
                
                
                
                
                
                
                
                


-- § --
      xxx       
      x x       
     x   x      
    xx   xx     
    x     x     
   x       x    
  x         x   
 x           x  
 x           x  
x             x 
x             xx
 x           x  
 x           x  
  x         x   
   x       x    
    x     x     
    xx   xx     
     x   x      
      x x       
      x x       
       x        
                
                
                
                
                
                
                
                
                
                


-- « --
      xxx       
      x x       
     x   x      
    xx   xx     
    x     x     
   x       x    
  x         x   
 x           x  
 x           x  
x             x 
x             xx
 x           x  
 x           x  
  x         x   
   x       x    
    x     x     
    xx   xx     
     x   x      
      x x       
      x x       
       x        
                
                
                
                
                
                
                
                
                
                


-- ¶ --
      xxx       
      x x       
     x   x      
    xx   xx     
    x     x     
   x       x    
  x         x   
 x           x  
 x           x  
x             x 
x             xx
 x           x  
 x           x  
  x         x   
   x       x    
    x     x     
    xx   xx     
     x   x      
      x x       
      x x       
       x        
                
                
                
                
                
                
                
                
                
                


-- · --
      xxx       
      x x       
     x   x      
    xx   xx     
    x     x     
   x       x    
  x         x   
 x           x  
 x           x  
x             x 
x             xx
 x           x  
 x           x  
  x         x   
   x       x    
    x     x     
    xx   xx     
     x   x      
      x x       
      x x       
       x        
                
                
                
                
                
                
                
                
                
                


-- » --
      xxx       
      x x       
     x   x      
    xx   xx     
    x     x     
   x       x    
  x         x   
 x           x  
 x           x  
x             x 
x             xx
 x           x  
 x           x  
  x         x   
   x       x    
    x     x     
    xx   xx     
     x   x      
      x x       
      x x       
       x        
                
                
                
                
                
                
                
                
                
                


-- ¿ --
      xxx       
      x x       
     x   x      
    xx   xx     
    x     x     
   x       x    
  x         x   
 x           x  
 x           x  
x             x 
x             xx
 x           x  
 x           x  
  x         x   
   x       x    
    x     x     
    xx   xx     
     x   x      
      x x       
      x x       
       x        
                
                
                
                
                
                
                
                
                
                


