-- $ --
       x        
      xxx       
    xx x xx     
  xx   x   xx   
xx     x     xx 
x      x       x
 xx    x        
   x   x        
    xx x        
      xx        
       xx       
       x x      
       x  xx    
       x    x   
       x     xx 
xx     x     xxx
  xx   x   xx   
    xx x xx     
      xxx       
       x        
       x        
                
                
                
                
                
                
                
                
                
                


-- + --
       x        
       x        
       x        
       x        
       x        
       x        
       x        
       x        
       x        
       x        
xxxxxxxxxxxxxxxx
       x        
       x        
       x        
       x        
       x        
       x        
       x        
       x        
       x        
       x        
                
                
                
                
                
                
                
                
                
                


-- < --
              xx
            xx  
           x    
         xx     
       xx       
      xx        
    xx          
   x            
 xx             
x               
x               
 xx             
   x            
    xx          
      xx        
       xx       
         xx     
           x    
            xx  
              x 
               x
                
                
                
                
                
                
                
                
                
                


-- = --
                
                
                
                
                
xxxxxxxxxxxxxxxx
                
                
                
                
                
                
                
                
                
xxxxxxxxxxxxxxxx
                
                
                
                
                
                
                
                
                
                
                
                
                
                
                


-- > --
x               
 xx             
   x            
    xx          
      xx        
       xx       
         xx     
           x    
            xx  
              x 
              xx
            xx  
           x    
         xx     
       xx       
      xx        
    xx          
   x            
 xx             
x               
x               
                
                
                
                
                
                
                
                
                
                


-- ^ --
      xxx       
      x x       
     x   x      
    x     x     
    x     x     
   x       x    
                
                
                
                
                
                
                
                
                
                
                
                
                
                
                
                
                
                
                
                
                
                
                
                
                


-- ` --
   xx           
    x           
     x          
      x         
      x         
       x        
                
                
                
                
                
                
                
                
                
                
                
                
                
                
                
                
                
                
                
                
                
                
                
                
                


-- | --
       x        
       x        
       x        
       x        
       x        
       x        
       x        
       x        
       x        
       x        
       x        
       x        
       x        
       x        
       x        
       x        
       x        
       x        
       x        
       x        
       x        
                
                
                
                
                
                
                
                
                
                


-- ~ --
                
                
                
                
                
                
                
                
   x           x
  xxxxx      xx 
xx     xxxx x   
x          x    
                
                
                
                
                
                
                
                
                
                
                
                
                
                
                
                
                
                
                


-- ¢ --
      xxx       
      x x       
     x   x      
    xx   xx     
    x     x     
   x       x    
  x         x   
 x           x  
 x           x  
x             x 
x             xx
 x           x  
 x           x  
  x         x   
   x       x    
    x     x     
    xx   xx     
     x   x      
      x x       
      x x       
       x        
                
                
                
                
                
                
                
                
                
                


-- £ --
      xxx       
      x x       
     x   x      
    xx   xx     
    x     x     
   x       x    
  x         x   
 x           x  
 x           x  
x             x 
x             xx
 x           x  
 x           x  
  x         x   
   x       x    
    x     x     
    xx   xx     
     x   x      
      x x       
      x x       
       x        
                
                
                
                
                
                
                
                
                
                


-- ¤ --
      xxx       
      x x       
     x   x      
    xx   xx     
    x     x     
   x       x    
  x         x   
 x           x  
 x           x  
x             x 
x             xx
 x           x  
 x           x  
  x         x   
   x       x    
    x     x     
    xx   xx     
     x   x      
      x x       
      x x       
       x        
                
                
                
                
                
                
                
                
                
                


-- ¥ --
      xxx       
      x x       
     x   x      
    xx   xx     
    x     x     
   x       x    
  x         x   
 x           x  
 x           x  
x             x 
x             xx
 x           x  
 x           x  
  x         x   
   x       x    
    x     x     
    xx   xx     
     x   x      
      x x       
      x x       
       x        
                
                
                
                
                
                
                
                
                
                


-- ¦ --
      xxx       
      x x       
     x   x      
    xx   xx     
    x     x     
   x       x    
  x         x   
 x           x  
 x           x  
x             x 
x             xx
 x           x  
 x           x  
  x         x   
   x       x    
    x     x     
    xx   xx     
     x   x      
      x x       
      x x       
       x        
                
                
                
                
                
                
                
                
                
                


-- ¨ --
      xxx       
      x x       
     x   x      
    xx   xx     
    x     x     
   x       x    
  x         x   
 x           x  
 x           x  
x             x 
x             xx
 x           x  
 x           x  
  x         x   
   x       x    
    x     x     
    xx   xx     
     x   x      
      x x       
      x x       
       x        
                
                
                
                
                
                
                
                
                
                


-- © --
      xxx       
      x x       
     x   x      
    xx   xx     
    x     x     
   x       x    
  x         x   
 x           x  
 x           x  
x             x 
x             xx
 x           x  
 x           x  
  x         x   
   x       x    
    x     x     
    xx   xx     
     x   x      
      x x       
      x x       
       x        
                
                
                
                
                
                
                
                
                
                


-- ¬ --
      xxx       
      x x       
     x   x      
    xx   xx     
    x     x     
   x       x    
  x         x   
 x           x  
 x           x  
x             x 
x             xx
 x           x  
 x           x  
  x         x   
   x       x    
    x     x     
    xx   xx     
     x   x      
      x x       
      x x       
       x        
                
                
                
                
                
                
                
                
                
                


-- ® --
      xxx       
      x x       
     x   x      
    xx   xx     
    x     x     
   x       x    
  x         x   
 x           x  
 x           x  
x             x 
x             xx
 x           x  
 x           x  
  x         x   
   x       x    
    x     x     
    xx   xx     
     x   x      
      x x       
      x x       
       x        
                
                
                
                
                
                
                
                
                
                


-- ¯ --
      xxx       
      x x       
     x   x      
    xx   xx     
    x     x     
   x       x    
  x         x   
 x           x  
 x           x  
x             x 
x             xx
 x           x  
 x           x  
  x         x   
   x       x    
    x     x     
    xx   xx     
     x   x      
      x x       
      x x       
       x        
                
                
                
                
                
                
                
                
                
                


-- ° --
      xxx       
      x x       
     x   x      
    xx   xx     
    x     x     
   x       x    
  x         x   
 x           x  
 x           x  
x             x 
x             xx
 x           x  
 x           x  
  x         x   
   x       x    
    x     x     
    xx   xx     
     x   x      
      x x       
      x x       
       x        
                
                
                
                
                
                
                
                
                
                


-- ± --
      xxx       
      x x       
     x   x      
    xx   xx     
    x     x     
   x       x    
  x         x   
 x           x  
 x           x  
x             x 
x             xx
 x           x  
 x           x  
  x         x   
   x       x    
    x     x     
    xx   xx     
     x   x      
      x x       
      x x       
       x        
                
                
                
                
                
                
                
                
                
                


-- ´ --
      xxx       
      x x       
     x   x      
    xx   xx     
    x     x     
   x       x    
  x         x   
 x           x  
 x           x  
x             x 
x             xx
 x           x  
 x           x  
  x         x   
   x       x    
    x     x     
    xx   xx     
     x   x      
      x x       
      x x       
       x        
                
                
                
                
                
                
                
                
                
                


-- ¸ --
      xxx       
      x x       
     x   x      
    xx   xx     
    x     x     
   x       x    
  x         x   
 x           x  
 x           x  
x             x 
x             xx
 x           x  
 x           x  
  x         x   
   x       x    
    x     x     
    xx   xx     
     x   x      
      x x       
      x x       
       x        
                
                
                
                
                
                
                
                
                
                


-- × --
      xxx       
      x x       
     x   x      
    xx   xx     
    x     x     
   x       x    
  x         x   
 x           x  
 x           x  
x             x 
x             xx
 x           x  
 x           x  
  x         x   
   x       x    
    x     x     
    xx   xx     
     x   x      
      x x       
      x x       
       x        
                
                
                
                
                
                
                
                
                
                


-- ÷ --
      xxx       
      x x       
     x   x      
    xx   xx     
    x     x     
   x       x    
  x         x   
 x           x  
 x           x  
x             x 
x             xx
 x           x  
 x           x  
  x         x   
   x       x    
    x     x     
    xx   xx     
     x   x      
      x x       
      x x       
       x        
                
                
                
                
                
                
                
                
                
                


