-- 0 --
      xxx       
      x x       
     x   x      
    xx   xx     
    x     x     
   x       x    
  x         x   
 x           x  
 x           x  
x             x 
x             xx
 x           x  
 x           x  
  x         x   
   x       x    
    x     x     
    xx   xx     
     x   x      
      x x       
      x x       
       x        
                
                
                
                
                
                
                
                
                
                


-- 1 --
      xx        
     xxx        
   xx  x        
  xx   x        
xx     x        
x      x        
       x        
       x        
       x        
       x        
       x        
       x        
       x        
       x        
       x        
       x        
       x        
       x        
       x        
       x        
       x        
                
                
                
                
                
                
                
                
                
                


-- 2 --
      xxx       
     xx  x      
   xx     xx    
  xx        x   
xx           xx 
x             xx
            xx  
           xx   
         xx     
        xx      
      xx        
      x         
     x          
    xx          
    x           
   x            
  x             
 x              
 x              
x               
xxxxxxxxxxxxxxxx
                
                
                
                
                
                
                
                
                
                


-- 3 --
      xxx       
     xx  x      
   xx     xx    
  xx        x   
xx           xx 
x             xx
            xx  
           xx   
         xx     
        xx      
       xx       
         x      
          xx    
            x   
             xx 
x             xx
 xx         xx  
   x       xx   
    xx   xx     
      x xx      
       x        
                
                
                
                
                
                
                
                
                
                


-- 4 --
          xx    
          xx    
         x x    
        x  x    
       x   x    
       x   x    
      x    x    
     x     x    
    x      x    
    x      x    
   x       x    
  x        x    
 x         x    
 x         x    
x          x    
xxxxxxxxxxxxxxxx
           x    
           x    
           x    
           x    
           x    
                
                
                
                
                
                
                
                
                
                


-- 5 --
xxxxxxxxxxxxxxxx
x               
x               
x               
x               
x               
x               
x               
x               
x               
x               
x   xxxxxxx     
xxxx       xxx  
x             xx
              x 
             xx 
             x  
x           x   
 xxx        x   
    xxx    x    
       xxxxx    
                
                
                
                
                
                
                
                
                
                


-- 6 --
      xxx       
     xx  x      
   xx     xx    
  xx        x   
xx           xx 
x              x
x               
x               
x               
x               
x     xxx       
x    xx  x      
x  xx     xx    
x xx        x   
xx           xx 
x             xx
 xx         xx  
   x       xx   
    xx   xx     
      x xx      
       x        
                
                
                
                
                
                
                
                
                
                


-- 7 --
xxxxxxxxxxxxxxxx
              x 
             x  
             x  
             x  
            x   
            x   
            x   
           x    
           x    
          xx    
          x     
          x     
         x      
         x      
         x      
        x       
        x       
        x       
       x        
       x        
                
                
                
                
                
                
                
                
                
                


-- 8 --
      xxx       
     xx  x      
   xx     xx    
  xx        x   
xx           xx 
x             xx
 xx         xx  
   x       xx   
    xx   xx     
      x xx      
      xxx       
     xx  x      
   xx     xx    
  xx        x   
xx           xx 
x             xx
 xx         xx  
   x       xx   
    xx   xx     
      x xx      
       x        
                
                
                
                
                
                
                
                
                
                


-- 9 --
      xxx       
     xx  x      
   xx     xx    
  xx        x   
xx           xx 
x             xx
 xx         xx x
   x       xx  x
    xx   xx    x
      x xx     x
       x       x
               x
               x
               x
               x
x             xx
 xx         xx  
   x       xx   
    xx   xx     
      x xx      
       x        
                
                
                
                
                
                
                
                
                
                


