                          
                          
                          
                          
                          
                          
                          
                          
                          
                          
                          
                          
                          
                          
                          
                          
            x             
          xx xx           
         xx   xx          
       xx       xx        
      xx         xx       
    xx             xx     
   x                 x    
 xx                   xx  
x                       x 
xxxxxxxxxxxxxxxxxxxxxxxxxx
 xx                       
   x                      
    xx                    
      xx                  
       xx            x    
         xx      xxxx     
          xx  xxx         
            xx            
                          
                          
                          
                          
                          
                          
                          
                          
                          
                          
                          
                          
                          
                          
                          
                          
                          
